// Jest Snapshot v1, https://goo.gl/fbAQLP

exports[`dish list page show dish on dom 1`] = `"<div><h3>Menu</h3><li>Dish 1: Cheeseburger  kr</li><p></p></div>"`;
